
The following have been reloaded with a version change:
  1) GCCcore/13.3.0 => GCCcore/12.2.0
  2) ICU/75.1-GCCcore-13.3.0 => ICU/72.1-GCCcore-12.2.0
  3) OpenSSL/3 => OpenSSL/1.1
  4) nodejs/24.12.0-GCCcore-13.3.0 => nodejs/20.11.1-GCCcore-12.2.0

s_corp_r28 2027 done
s_corp_r28 2028 done
s_corp_r28 2029 done
s_corp_r28 2030 done
s_corp_r28 2031 done
s_corp_r28 2032 done
s_corp_r28 2033 done
s_corp_r28 2034 done
s_corp_r28 2035 done
s_corp_r28 2036 done
s_corp_r28 2037 done
s_corp_r28 2038 done
s_corp_r28 2039 done
s_corp_r28 2040 done
s_corp_r28 2041 done
s_corp_r28 2042 done
s_corp_r28 2043 done
s_corp_r28 2044 done
s_corp_r28 2045 done
s_corp_r28 2046 done
s_corp_r28 2047 done
s_corp_r28 2048 done
s_corp_r28 2049 done
s_corp_r28 2050 done
s_corp_r28 2051 done
s_corp_r28 2052 done
s_corp_r28 2053 done
s_corp_r28 2054 done
s_corp_r28 2055 done
s_corp_r28 2056 done
s_corp_r28 2057 done
s_cg_r30 2027 done
s_cg_r30 2028 done
s_cg_r30 2029 done
s_cg_r30 2030 done
s_cg_r30 2031 done
s_cg_r30 2032 done
s_cg_r30 2033 done
s_cg_r30 2034 done
s_cg_r30 2035 done
s_cg_r30 2036 done
s_cg_r30 2037 done
s_cg_r30 2038 done
s_cg_r30 2039 done
s_cg_r30 2040 done
s_cg_r30 2041 done
s_cg_r30 2042 done
s_cg_r30 2043 done
s_cg_r30 2044 done
s_cg_r30 2045 done
s_cg_r30 2046 done
s_cg_r30 2047 done
s_cg_r30 2048 done
s_cg_r30 2049 done
s_cg_r30 2050 done
s_cg_r30 2051 done
s_cg_r30 2052 done
s_cg_r30 2053 done
s_cg_r30 2054 done
s_cg_r30 2055 done
s_cg_r30 2056 done
s_cg_r30 2057 done
pc_corpr35_cgr30 2027 done
pc_corpr35_cgr30 2028 done
pc_corpr35_cgr30 2029 done
pc_corpr35_cgr30 2030 done
pc_corpr35_cgr30 2031 done
pc_corpr35_cgr30 2032 done
pc_corpr35_cgr30 2033 done
pc_corpr35_cgr30 2034 done
pc_corpr35_cgr30 2035 done
pc_corpr35_cgr30 2036 done
pc_corpr35_cgr30 2037 done
pc_corpr35_cgr30 2038 done
pc_corpr35_cgr30 2039 done
pc_corpr35_cgr30 2040 done
pc_corpr35_cgr30 2041 done
pc_corpr35_cgr30 2042 done
pc_corpr35_cgr30 2043 done
pc_corpr35_cgr30 2044 done
pc_corpr35_cgr30 2045 done
pc_corpr35_cgr30 2046 done
pc_corpr35_cgr30 2047 done
pc_corpr35_cgr30 2048 done
pc_corpr35_cgr30 2049 done
pc_corpr35_cgr30 2050 done
pc_corpr35_cgr30 2051 done
pc_corpr35_cgr30 2052 done
pc_corpr35_cgr30 2053 done
pc_corpr35_cgr30 2054 done
pc_corpr35_cgr30 2055 done
pc_corpr35_cgr30 2056 done
pc_corpr35_cgr30 2057 done
