
The following have been reloaded with a version change:
  1) GCCcore/13.3.0 => GCCcore/12.2.0
  2) ICU/75.1-GCCcore-13.3.0 => ICU/72.1-GCCcore-12.2.0
  3) OpenSSL/3 => OpenSSL/1.1
  4) nodejs/20.13.1-GCCcore-13.3.0 => nodejs/20.11.1-GCCcore-12.2.0

Reading input microdata...
Reading baseline detail for AGI...
AGI join match rate: 1.0000 (221831 of 221831 input records)

================  NET WORTH  (assets - debts), 2026, $  ================
    age_bin n_records wtd_pop_mil wtd_mean     p5    p10   p25    p50     p75
     <char>     <int>       <num>    <num>  <num>  <num> <num>  <num>   <num>
 1:     <25     17666      25.628    38111  -8298   -723     0      0   16657
 2:   25-29     14322      17.855   121420 -32424  -9832     0   6635   91517
 3:   30-34     13691      18.415   200315 -42400 -15182     0  12743  148713
 4:   35-39     18550      17.017   542983  -2703      0     0  58928  369719
 5:   40-44     17421      15.811   656115  -4355      0     0 101288  458239
 6:   45-49     24068      14.140  1040937      0      0     0 160590  607267
 7:   50-54     25227      13.722  1337318      0      0  7896 213116  853111
 8:   55-59     23858      13.468  1550918      0      0 28002 304495 1044830
 9:   60-64     21631      13.533  1681294      0      0 33865 311217 1100085
10:   65-69     15445      15.351  1820242   -480      0 15864 358124 1184014
11:   70-74     11601      12.194  1921496      0      0 71476 399299 1263557
12:   75-79      7899       8.946  1815200      0    301 83041 407899 1167600
13:     80+     10452      10.717  2154271      0      0 82560 384785 1264348
14:     All    221831     196.798   985057  -4672      0     0  86169  505770
        p90     p95      p99
      <num>   <num>    <num>
 1:   85625  196379   366029
 2:  253377  408929  1199268
 3:  353473  708378  2472563
 4: 1068777 1867362  8059439
 5: 1251555 2233940  8059439
 6: 2105944 4167093 14742746
 7: 2478206 4842985 15733853
 8: 3241927 6529559 19452603
 9: 3196096 7028995 19689614
10: 2850058 6580465 24299073
11: 2911508 6449238 24864138
12: 2851781 6281220 21564312
13: 2946603 8249296 22371393
14: 1672861 3351050 13610452

================  AGI  (baseline computed), 2026, $  ================
    age_bin n_records wtd_pop_mil wtd_mean    p5   p10   p25   p50    p75
     <char>     <int>       <num>    <num> <num> <num> <num> <num>  <num>
 1:     <25     17666      25.628    24051   673  2116  5360 16979  35715
 2:   25-29     14322      17.855    56799  1439  4554 17272 39814  70845
 3:   30-34     13691      18.415    65465  3020 10244 22568 46338  77474
 4:   35-39     18550      17.017   104964  2970 12316 26578 59032 115865
 5:   40-44     17421      15.811   107916  2286 11397 26930 61149 120484
 6:   45-49     24068      14.140   133206     0  5129 29124 68079 132010
 7:   50-54     25227      13.722   140065     0  6719 29526 70259 137017
 8:   55-59     23858      13.468   137729     0  2115 28578 73829 145559
 9:   60-64     21631      13.533   136371     0  2137 29714 72452 137325
10:   65-69     15445      15.351    97227     0     0     0 38083 126489
11:   70-74     11601      12.194   100504     0     0     0 40848 128772
12:   75-79      7899       8.946   101415     0     0     0 40563 129529
13:     80+     10452      10.717   108012     0     0     0 45384 135746
14:     All    221831     196.798    94602     0     0 15223 45939 104380
       p90    p95     p99
     <num>  <num>   <num>
 1:  55576  74407  115777
 2: 118542 167865  287222
 3: 127508 182164  318845
 4: 207370 283372  684199
 5: 209663 288253  672800
 6: 254410 382850 1009777
 7: 261920 395514 1034012
 8: 247572 373328 1018050
 9: 244117 370428 1015752
10: 202726 302399  700545
11: 207511 306870  725566
12: 207032 309715  728944
13: 221046 320993  696319
14: 191897 273911  658322

Wrote:
  /nfs/roberts/project/pi_nrs36/jar335/Repositories/Tax-Simulator/other/wealth_dist_2026/networth_pctiles_by_age_2026.csv
  /nfs/roberts/project/pi_nrs36/jar335/Repositories/Tax-Simulator/other/wealth_dist_2026/agi_pctiles_by_age_2026.csv
