
The following have been reloaded with a version change:
  1) GCCcore/13.3.0 => GCCcore/12.2.0
  2) ICU/75.1-GCCcore-13.3.0 => ICU/72.1-GCCcore-12.2.0
  3) OpenSSL/3 => OpenSSL/1.1
  4) nodejs/20.13.1-GCCcore-13.3.0 => nodejs/20.11.1-GCCcore-12.2.0

Reading input microdata...
Reading baseline detail for AGI...
AGI join match rate: 1.0000 (221831 of 221831 input records)

================ NET WORTH (assets - debts), 2026, $ ================

---- MFJ ----
    age_bin n_records wtd_pop_mil wtd_mean     p5   p10    p25    p50     p75
     <char>     <int>       <num>    <num>  <num> <num>  <num>  <num>   <num>
 1:     <25      1064       0.826   148955 -11684 -2666   3586  28742  127132
 2:   25-29      3853       3.006   371997 -29824 -4414  23485 122294  326032
 3:   30-34      4384       3.428   540191 -27362  1055  63185 192788  393306
 4:   35-39     11257       5.419  1238388   2416 21428 133466 406981  978409
 5:   40-44     10636       5.151  1447904   3966 32949 169623 463551 1106346
 6:   45-49     15849       5.706  1944007   2152 33578 184159 478180 1531813
 7:   50-54     16631       5.914  2303980    915 28640 195930 607316 1779048
 8:   55-59     16466       6.239  2595060   1499 38917 245139 700591 1923133
 9:   60-64     14849       5.961  2867047    824 43880 264151 757951 2153366
10:   65-69      9796       6.223  3164148      0 16668 224331 760625 1983682
11:   70-74      7443       5.092  3170039    287 48214 261015 818795 1942450
12:   75-79      5067       3.885  2985013  11772 77213 301613 733946 1790154
13:     80+      6685       5.269  3338698  38611 86639 254496 734269 2048143
14:     All    123980      62.119  2258280      0 22439 165869 528257 1555898
        p90      p95      p99
      <num>    <num>    <num>
 1:  235491   327519  1468362
 2:  783762  1024532  4628388
 3:  851918  1421088  8219550
 4: 2203182  4515922 13619806
 5: 2550518  4842826 15881864
 6: 4271224  7330566 21248284
 7: 4761580  8592882 22816976
 8: 6061821 10710393 25318153
 9: 6465832 10206523 31570256
10: 6580465 11469848 34359353
11: 6278483 11859552 34239323
12: 5363652 10832296 32783369
13: 7458607 12750765 35229999
14: 4404223  8427566 25157448

---- Non-MFJ ----
    age_bin n_records wtd_pop_mil wtd_mean     p5    p10   p25    p50    p75
     <char>     <int>       <num>    <num>  <num>  <num> <num>  <num>  <num>
 1:     <25     16602      24.802    34418  -8298   -636     0      0  14929
 2:   25-29     10469      14.849    70699 -33084 -10081     0   2120  49565
 3:   30-34      9307      14.988   122584 -42400 -17015     0   2537  77139
 4:   35-39      7293      11.597   218023  -9603      0     0   8508 136144
 5:   40-44      6785      10.661   273550 -13330      0     0  17337 183821
 6:   45-49      8219       8.434   429991  -4176      0     0  17249 260398
 7:   50-54      8596       7.808   605136      0      0     0  53924 320917
 8:   55-59      7392       7.229   649691      0      0     0 102041 486181
 9:   60-64      6782       7.572   747885      0      0     0 111673 473744
10:   65-69      5649       9.128   904003  -2806      0     0 131433 661540
11:   70-74      4158       7.102  1026248      0      0 10778 237519 687871
12:   75-79      2832       5.061   917327      0      0 19513 238269 612970
13:     80+      3767       5.448  1008745      0      0     0 170780 563801
14:     All     97851     134.679   397797 -10005      0     0  12152 194034
        p90     p95      p99
      <num>   <num>    <num>
 1:   77397  189376   366029
 2:  159258  284014  1023537
 3:  239900  432333  1618939
 4:  488448  953686  2540358
 5:  595188 1182137  2918445
 6:  815390 1655913  6472706
 7:  924177 1732125  7629061
 8: 1428388 2492069  9297854
 9: 1494294 2748164  9701658
10: 1604831 2304791 11230796
11: 1792064 2825854 11345854
12: 1594059 2358714 11345854
13: 1719419 2340296 11345854
14:  708542 1427719  4851223

================ AGI (baseline computed), 2026, $ ================

---- MFJ ----
    age_bin n_records wtd_pop_mil wtd_mean    p5   p10   p25    p50    p75
     <char>     <int>       <num>    <num> <num> <num> <num>  <num>  <num>
 1:     <25      1064       0.826    60193     0 10350 27023  50852  85852
 2:   25-29      3853       3.006   120037 14737 27259 64025  96837 128985
 3:   30-34      4384       3.428   124480 17424 30673 68354  97372 132058
 4:   35-39     11257       5.419   196783 21690 35857 81159 123996 208109
 5:   40-44     10636       5.151   203179 20969 35851 83768 125319 208699
 6:   45-49     15849       5.706   225653  7206 25878 77524 122085 229617
 7:   50-54     16631       5.914   229612 10244 29748 78271 124428 226212
 8:   55-59     16466       6.239   212347  1868 16663 75249 124165 202625
 9:   60-64     14849       5.961   211820  2201 17190 71823 120810 207466
10:   65-69      9796       6.223   166376     0     0 12839 112885 182350
11:   70-74      7443       5.092   166636     0     0 14844 112461 183813
12:   75-79      5067       3.885   166154     0     0 15492 114122 179927
13:     80+      6685       5.269   163941     0     0 15953 103769 186969
14:     All    123980      62.119   186358     0  7532 55265 115168 193005
       p90    p95     p99
     <num>  <num>   <num>
 1: 117161 156632  240583
 2: 208671 276295  521608
 3: 210144 284386  556285
 4: 338338 460340 1158147
 5: 345391 467349 1223675
 6: 402197 563932 1579990
 7: 402622 555772 1557876
 8: 369373 532753 1521369
 9: 372484 525651 1510728
10: 299009 425468  984612
11: 299199 417516 1009825
12: 299589 403324  985078
13: 298486 417104  937053
14: 331414 459078 1167831

---- Non-MFJ ----
    age_bin n_records wtd_pop_mil wtd_mean    p5   p10   p25   p50   p75    p90
     <char>     <int>       <num>    <num> <num> <num> <num> <num> <num>  <num>
 1:     <25     16602      24.802    22847   677  2093  5240 16687 32844  52587
 2:   25-29     10469      14.849    43999  1011  3835 15808 34430 54880  84979
 3:   30-34      9307      14.988    51967  1707  7090 20201 41424 63728  98981
 4:   35-39      7293      11.597    62058     0  6832 20489 42156 70732 124946
 5:   40-44      6785      10.661    61888     0  6018 20489 43444 71129 128458
 6:   45-49      8219       8.434    70663     0     0 19468 45229 74360 159507
 7:   50-54      8596       7.808    72239     0     0 19760 45520 73391 142935
 8:   55-59      7392       7.229    73324     0     0 17759 47362 80948 155347
 9:   60-64      6782       7.572    76978     0     0 18882 49902 83057 157154
10:   65-69      5649       9.128    50082     0     0     0 10449 61466 132015
11:   70-74      4158       7.102    53084     0     0     0 11644 62866 134248
12:   75-79      2832       5.061    51726     0     0     0 10386 61217 129233
13:     80+      3767       5.448    53920     0     0     0 10596 62944 134743
14:     All     97851     134.679    52280     0     0  8537 31063 62209 111038
       p95    p99
     <num>  <num>
 1:  71068 104410
 2: 121094 220698
 3: 139945 237363
 4: 181672 279082
 5: 177728 270252
 6: 202434 336260
 7: 193647 375365
 8: 197891 343332
 9: 194674 363621
10: 162697 420143
11: 164796 433910
12: 157209 425043
13: 158334 401574
14: 162768 279034

Wrote:
  /nfs/roberts/project/pi_nrs36/jar335/Repositories/Tax-Simulator/other/wealth_dist_2026/networth_pctiles_by_age_marital_2026.csv
  /nfs/roberts/project/pi_nrs36/jar335/Repositories/Tax-Simulator/other/wealth_dist_2026/agi_pctiles_by_age_marital_2026.csv
