
The following have been reloaded with a version change:
  1) GCCcore/13.3.0 => GCCcore/12.2.0
  2) ICU/75.1-GCCcore-13.3.0 => ICU/72.1-GCCcore-12.2.0
  3) OpenSSL/3 => OpenSSL/1.1
  4) nodejs/20.13.1-GCCcore-13.3.0 => nodejs/20.11.1-GCCcore-12.2.0

Reading input microdata...
                   id      weight         age1 filing_status        filer
                <num>       <num>        <num>         <num>        <num>
     1: -1.694286e+04  -16138.417  -16921.8587   -16944.8587  -16944.8587
     2:  4.000000e+00    2428.313      20.0000        1.0000       1.0000
     3:  7.000000e+00    2991.151      30.0000        1.0000       1.0000
     4: -3.880457e+02    2001.787    -343.0457     -396.0457    -396.0457
     5: -1.673858e+05 -166845.317 -167368.8022  -167394.8022 -167394.8022
    ---                                                                  
221827:  2.025001e+09       1.000      85.0000        1.0000       1.0000
221828:  2.025001e+09       1.000      27.0000        2.0000       1.0000
221829:  2.025001e+09       1.000      64.0000        2.0000       1.0000
221830:  2.025001e+09       1.000      46.0000        2.0000       1.0000
221831:  2.025001e+09       1.000      42.0000        2.0000       1.0000
        value.cash value.equities  value.bonds   value.dc     value.db
             <num>          <num>        <num>      <num>        <num>
     1:  -13365.45      -16945.86  -16945.8587  -16945.86  -16945.8587
     2:       0.00           0.00       0.0000       0.00       0.0000
     3:   10102.34           0.00       0.0000       0.00       0.0000
     4:  140868.59       36263.04    -397.0457  655741.18    -397.0457
     5: -124806.16     -167395.80 -167395.8022 -167395.80 -167395.8022
    ---                                                               
221827:       0.00           0.00       0.0000       0.00       0.0000
221828:       0.00           0.00       0.0000       0.00       0.0000
221829:       0.00           0.00       0.0000       0.00       0.0000
221830:       0.00           0.00       0.0000       0.00       0.0000
221831:       0.00           0.00       0.0000       0.00       0.0000
        value.life_ins value.annuities value.trusts value.other_fin
                 <num>           <num>        <num>           <num>
     1:      -16945.86     -16945.8587  -16945.8587     -16945.8587
     2:           0.00          0.0000       0.0000          0.0000
     3:           0.00          0.0000       0.0000          0.0000
     4:       31054.01       -397.0457    -397.0457       -397.0457
     5:     -167395.80    -167395.8022 -167395.8022    -167395.8022
    ---                                                            
221827:           0.00          0.0000       0.0000          0.0000
221828:           0.00          0.0000       0.0000          0.0000
221829:           0.00          0.0000       0.0000          0.0000
221830:           0.00          0.0000       0.0000          0.0000
221831:           0.00          0.0000       0.0000          0.0000
        value.pass_throughs value.primary_home value.other_home value.re_fund
                      <num>              <num>            <num>         <num>
     1:       -1.694586e+04          -16945.86      -16945.8587 -1.694586e+04
     2:        0.000000e+00               0.00           0.0000  0.000000e+00
     3:        0.000000e+00               0.00           0.0000  0.000000e+00
     4:       -3.970457e+02          361046.71        -397.0457 -3.970457e+02
     5:       -1.673958e+05          234208.37     -167395.8022 -1.673958e+05
    ---                                                                      
221827:        0.000000e+00               0.00           0.0000  1.044094e+09
221828:        1.044094e+09               0.00           0.0000  0.000000e+00
221829:        1.044094e+09               0.00           0.0000  0.000000e+00
221830:        1.044094e+09               0.00           0.0000  0.000000e+00
221831:        1.044094e+09               0.00           0.0000  0.000000e+00
        value.other_nonfin value.primary_mortgage value.other_mortgage
                     <num>                  <num>                <num>
     1:           -8822.45            -16945.8587          -16945.8587
     2:               0.00                 0.0000               0.0000
     3:               0.00                 0.0000               0.0000
     4:           43550.00              -397.0457            -397.0457
     5:         -145330.34                 0.0000         -167395.8022
    ---                                                               
221827:               0.00                 0.0000               0.0000
221828:               0.00                 0.0000               0.0000
221829:               0.00                 0.0000               0.0000
221830:               0.00                 0.0000               0.0000
221831:               0.00                 0.0000               0.0000
        value.credit_lines value.credit_cards value.installment_debt
                     <num>              <num>                  <num>
     1:        -16945.8587        -16555.5385              -390.3202
     2:             0.0000             0.0000                 0.0000
     3:             0.0000             0.0000                 0.0000
     4:          -397.0457          -397.0457                 0.0000
     5:       -167395.8022       -167395.8022           -167395.8022
    ---                                                             
221827:             0.0000             0.0000                 0.0000
221828:             0.0000             0.0000                 0.0000
221829:             0.0000             0.0000                 0.0000
221830:             0.0000             0.0000                 0.0000
221831:             0.0000             0.0000                 0.0000
        value.other_debt      networth
                   <num>         <num>
     1:      -16945.8587 -5.242042e+03
     2:           0.0000  0.000000e+00
     3:           0.0000  1.010234e+04
     4:        -397.0457  1.270509e+06
     5:     -167395.8022  2.988635e+05
    ---                               
221827:           0.0000  1.044094e+09
221828:           0.0000  1.044094e+09
221829:           0.0000  1.044094e+09
221830:           0.0000  1.044094e+09
221831:           0.0000  1.044094e+09
Reading baseline detail for AGI...
AGI join match rate: 1.0000 (221831 of 221831 input records)

================  NET WORTH  (assets - debts), 2026, $  ================
    age_bin n_records wtd_pop_mil   wtd_mean         p5        p10        p25
     <char>     <int>       <num>      <num>      <num>      <num>      <num>
 1:     <25     17666      25.628      58490          0          0          0
 2:   25-29     14322      17.855     187827          0          0          0
 3:   30-34     13691      18.415     293354          0          0        116
 4:   35-39     18550      17.017     680452          0          0          0
 5:   40-44     17421      15.811     798953          0          0       2620
 6:   45-49     24068      14.140    1188766          0          0       6793
 7:   50-54     25227      13.722    1485412          0          0      18285
 8:   55-59     23858      13.468    1684120          0          0      50395
 9:   60-64     21631      13.533    1799174          0          0      61192
10:   65-69     15445      15.351    1890219          0          0      15864
11:   70-74     11601      12.194    1988096          0          0      97932
12:   75-79      7899       8.946    1882273          0       3263     112438
13:   80-84     10358      10.717    2132194          0          0      92901
14:     85+        94       0.000 9495615188 1120288432 1334699167 2237998579
15:     All    221831     196.798    1079941          0          0       1755
           p50        p75         p90         p95          p99
         <num>      <num>       <num>       <num>        <num>
 1:       2382      27794      130439      286474       617714
 2:      26251     185953      428292      667032      1690792
 3:      41209     282594      636920      964071      2788748
 4:     114678     597680     1436257     2435493      8304100
 5:     187269     676296     1585077     2622466      8355175
 6:     278109     866460     2486050     4638730     15235875
 7:     353425    1038848     2792389     5150092     16121863
 8:     433543    1240960     3494525     7012960     20141588
 9:     427244    1228787     3422733     7451904     20218587
10:     435306    1233718     3019402     6610561     24550057
11:     461374    1360716     2981594     6570217     25164279
12:     456056    1206522     2880959     6315161     22174943
13:     419698    1334367     3176382     8249411     22406949
14: 4626886024 8078021530 18471660765 37304202316 120974707905
15:     146437     667840     1852816     3584004     14291758

================  AGI  (baseline computed), 2026, $  ================
    age_bin n_records wtd_pop_mil  wtd_mean       p5      p10      p25
     <char>     <int>       <num>     <num>    <num>    <num>    <num>
 1:     <25     17666      25.628     24051      673     2116     5360
 2:   25-29     14322      17.855     56799     1439     4554    17272
 3:   30-34     13691      18.415     65465     3020    10244    22568
 4:   35-39     18550      17.017    104964     2970    12316    26578
 5:   40-44     17421      15.811    107916     2286    11397    26930
 6:   45-49     24068      14.140    133206        0     5129    29124
 7:   50-54     25227      13.722    140065        0     6719    29526
 8:   55-59     23858      13.468    137729        0     2115    28578
 9:   60-64     21631      13.533    136371        0     2137    29714
10:   65-69     15445      15.351     97227        0        0        0
11:   70-74     11601      12.194    100504        0        0        0
12:   75-79      7899       8.946    101415        0        0        0
13:   80-84     10358      10.717    105952        0        0        0
14:     85+        94       0.000 235029309 38014522 45290079 75941556
15:     All    221831     196.798     94602        0        0    15223
          p50       p75       p90       p95        p99
        <num>     <num>     <num>     <num>      <num>
 1:     16979     35715     55576     74407     115777
 2:     39814     70845    118542    167865     287222
 3:     46338     77474    127508    182164     318845
 4:     59032    115865    207370    283372     684199
 5:     61149    120484    209663    288253     672800
 6:     68079    132010    254410    382850    1009777
 7:     70259    137017    261920    395514    1034012
 8:     73829    145559    247572    373328    1018050
 9:     72452    137325    244117    370428    1015752
10:     38083    126489    202726    302399     700545
11:     40848    128772    207511    306870     725566
12:     40563    129529    207032    309715     728944
13:     45384    135741    221039    320955     696013
14: 157003193 269692233 367659536 709086476 2299513836
15:     45939    104380    191897    273911     658322

Wrote:
  /nfs/roberts/project/pi_nrs36/jar335/Repositories/Tax-Simulator/other/wealth_dist_2026/networth_pctiles_by_age_2026.csv
  /nfs/roberts/project/pi_nrs36/jar335/Repositories/Tax-Simulator/other/wealth_dist_2026/agi_pctiles_by_age_2026.csv
