── Attaching core tidyverse packages ──────────────────────── tidyverse 2.0.0 ──
✔ dplyr     1.1.4     ✔ readr     2.1.5
✔ forcats   1.0.0     ✔ stringr   1.5.1
✔ ggplot2   3.5.1     ✔ tibble    3.2.1
✔ lubridate 1.9.3     ✔ tidyr     1.3.1
✔ purrr     1.0.2     
── Conflicts ────────────────────────────────────────── tidyverse_conflicts() ──
✖ dplyr::filter() masks stats::filter()
✖ dplyr::lag()    masks stats::lag()
ℹ Use the conflicted package (<http://conflicted.r-lib.org/>) to force all conflicts to become errors

Attaching package: ‘data.table’

The following objects are masked from ‘package:lubridate’:

    hour, isoweek, mday, minute, month, quarter, second, wday, week,
    yday, year

The following objects are masked from ‘package:dplyr’:

    between, first, last

The following object is masked from ‘package:purrr’:

    transpose


Wrote /nfs/roberts/project/pi_nrs36/jar335/Repositories/Tax-Simulator/other/analysis_scripts/public/resources/carbon_intensities.csv 

# A tibble: 8 × 2
  category                intensity
  <chr>                       <dbl>
1 c_clothing                  0.12 
2 c_motor_vehicles            0.240
3 c_durables                  0.152
4 c_other_nondurables         0.140
5 c_food_off_premises         0.390
6 c_gasoline                  0.27 
7 c_housing_utilities         0.321
8 c_other_services_health     0.132

Subcomponent detail (factor | national spend share within category):

# A tibble: 37 × 5
   category                cq       naics  factor share_in_cat
   <chr>                   <chr>    <chr>   <dbl>        <dbl>
 1 c_clothing              APPARCQ  315990  0.12         1    
 2 c_motor_vehicles        CARTKUCQ 336111  0.24         0.494
 3 c_motor_vehicles        CARTKNCQ 336111  0.24         0.491
 4 c_motor_vehicles        OTHVEHCQ 336991  0.222        0.014
 5 c_durables              HOUSEQCQ 337121  0.188        0.528
 6 c_durables              TVRDIOCQ 334310  0.081        0.253
 7 c_durables              PETTOYCQ 339930  0.146        0.174
 8 c_durables              MEDSUPCQ 339112  0.156        0.045
 9 c_other_nondurables     PERSCACQ 325620  0.194        0.421
10 c_other_nondurables     TOBACCCQ 312230  0.101        0.282
11 c_other_nondurables     PREDRGCQ 325412  0.099        0.231
12 c_other_nondurables     READCQ   511120  0.103        0.066
13 c_food_off_premises     FDHOMECQ 311999  0.401        0.916
14 c_food_off_premises     ALCBEVCQ 312120  0.274        0.084
15 c_gasoline              GASMOCQ  324110  0.27         1    
16 c_housing_utilities     OWNDWECQ 531110  0.033        0.5  
17 c_housing_utilities     RENDWECQ 531110  0.033        0.312
18 c_housing_utilities     ELCTRCCQ ELEC    2.4          0.104
19 c_housing_utilities     WATRPSCQ 221310  0.578        0.046
20 c_housing_utilities     NTLGASCQ 221210  0.532        0.031
21 c_housing_utilities     ALLFULCQ 324110  0.27         0.008
22 c_other_services_health FDAWAYCQ 722511  0.194        0.199
23 c_other_services_health HLTHINCQ 524114  0.033        0.163
24 c_other_services_health HOUSOPCQ 812990  0.111        0.081
25 c_other_services_health VEHINSCQ 524126  0.033        0.073
26 c_other_services_health EDUCACQ  611310  0.14         0.059
27 c_other_services_health TELEPHCQ 517311  0.075        0.057
28 c_other_services_health OTHLODCQ 721110  0.145        0.053
29 c_other_services_health MEDSRVCQ 621111  0.083        0.05 
30 c_other_services_health PUBTRACQ 485111  0.566        0.047
31 c_other_services_health MAINRPCQ 811118  0.103        0.043
32 c_other_services_health FEEADMCQ 713110  0.167        0.038
33 c_other_services_health VRNTLOCQ 532111  0.11         0.036
34 c_other_services_health MISCCQ   812990  0.111        0.035
35 c_other_services_health OTHENTCQ 339920  0.167        0.027
36 c_other_services_health LIFINSCQ 524113  0.051        0.023
37 c_other_services_health VEHFINCQ 522220  0.072        0.015
