── Attaching core tidyverse packages ──────────────────────── tidyverse 2.0.0 ──
✔ dplyr     1.1.4     ✔ readr     2.1.5
✔ forcats   1.0.0     ✔ stringr   1.5.1
✔ ggplot2   3.5.1     ✔ tibble    3.2.1
✔ lubridate 1.9.3     ✔ tidyr     1.3.1
✔ purrr     1.0.2     
── Conflicts ────────────────────────────────────────── tidyverse_conflicts() ──
✖ dplyr::filter() masks stats::filter()
✖ dplyr::lag()    masks stats::lag()
ℹ Use the conflicted package (<http://conflicted.r-lib.org/>) to force all conflicts to become errors

Attaching package: ‘data.table’

The following objects are masked from ‘package:lubridate’:

    hour, isoweek, mday, minute, month, quarter, second, wday, week,
    yday, year

The following objects are masked from ‘package:dplyr’:

    between, first, last

The following object is masked from ‘package:purrr’:

    transpose


Consumption share by income group: on-model (Tax-Data c_*) vs CEX

# A tibble: 8 × 4
  group      cex_share onmodel_share diff_pp
  <chr>          <dbl>         <dbl>   <dbl>
1 Quintile 1      10.1          10.3     0.1
2 Quintile 2      14.2          13.2    -1  
3 Quintile 3      18.4          15.8    -2.6
4 Quintile 4      22.5          21.8    -0.8
5 Quintile 5      34.7          38       3.3
6 Top 10%         19.3          23.8     4.4
7 Top 5%          10.7          15.1     4.4
8 Top 1%           2.4           5.6     3.1
