── Attaching core tidyverse packages ──────────────────────── tidyverse 2.0.0 ──
✔ dplyr     1.1.4     ✔ readr     2.1.5
✔ forcats   1.0.0     ✔ stringr   1.5.1
✔ ggplot2   3.5.1     ✔ tibble    3.2.1
✔ lubridate 1.9.3     ✔ tidyr     1.3.1
✔ purrr     1.0.2     
── Conflicts ────────────────────────────────────────── tidyverse_conflicts() ──
✖ dplyr::filter() masks stats::filter()
✖ dplyr::lag()    masks stats::lag()
ℹ Use the conflicted package (<http://conflicted.r-lib.org/>) to force all conflicts to become errors

Attaching package: ‘data.table’

The following objects are masked from ‘package:lubridate’:

    hour, isoweek, mday, minute, month, quarter, second, wday, week,
    yday, year

The following objects are masked from ‘package:dplyr’:

    between, first, last

The following object is masked from ‘package:purrr’:

    transpose


CEX carve ratios by quintile:
# A tibble: 5 × 5
  quintile   alcohol tobacco gambling    guns
  <chr>        <dbl>   <dbl>    <dbl>   <dbl>
1 Quintile 1  0.0565   0.455   0.0167 0.00873
2 Quintile 2  0.0548   0.327   0.0190 0.0256 
3 Quintile 3  0.0740   0.357   0.0312 0.0227 
4 Quintile 4  0.0925   0.248   0.0366 0.0214 
5 Quintile 5  0.114    0.158   0.0546 0.0362 

Wrote /nfs/roberts/project/pi_nrs36/jar335/Repositories/Tax-Simulator/other/analysis_scripts/public/clausing_excise_distribution_2030.csv 


all_excises:
# A tibble: 11 × 6
   group          income_cutoff share_income share_consumption   avg pct_chg_ati
   <chr>                  <dbl>        <dbl>             <dbl> <dbl>       <dbl>
 1 Quintile 1                 0       0.0213           0.103    338.   -0.0263  
 2 Quintile 2             25535       0.0589           0.132    429.   -0.0125  
 3 Quintile 3             50755       0.107            0.158    540.   -0.00945 
 4 Quintile 4             86885       0.188            0.218    775.   -0.00799 
 5 Quintile 5            160155       0.651            0.380   1424.   -0.00454 
 6 Top 10%               247985       0.492            0.238   1768.   -0.00378 
 7 Top 5%                359000       0.376            0.151   2218.   -0.00313 
 8 Top 1%                909150       0.213            0.0557  4022.   -0.00203 
 9 Top 0.1%             4252915       0.102            0.0120  8637.   -0.000923
10 Negative inco…   -1711570725      -0.0262           0.00968  615.    0.00181 
11 Overall          -1711570725       1                1        701.   -0.00710 

all_income_tax:
# A tibble: 11 × 6
   group        income_cutoff share_income share_consumption     avg pct_chg_ati
   <chr>                <dbl>        <dbl>             <dbl>   <dbl>       <dbl>
 1 Quintile 1               0       0.0213           0.103   7.49e-1  -0.0000582
 2 Quintile 2           25535       0.0589           0.132   1.93e+0  -0.0000559
 3 Quintile 3           50755       0.107            0.158   6.05e+0  -0.000106 
 4 Quintile 4           86885       0.188            0.218   1.42e+1  -0.000147 
 5 Quintile 5          160155       0.651            0.380   5.91e+2  -0.00188  
 6 Top 10%             247985       0.492            0.238   1.14e+3  -0.00243  
 7 Top 5%              359000       0.376            0.151   2.18e+3  -0.00307  
 8 Top 1%              909150       0.213            0.0557  9.43e+3  -0.00477  
 9 Top 0.1%           4252915       0.102            0.0120  7.13e+4  -0.00762  
10 Negative in…   -1711570725      -0.0262           0.00968 1.55e+2   0.000458 
11 Overall        -1711570725       1                1       1.23e+2  -0.00125  

all_measures:
# A tibble: 11 × 6
   group         income_cutoff share_income share_consumption    avg pct_chg_ati
   <chr>                 <dbl>        <dbl>             <dbl>  <dbl>       <dbl>
 1 Quintile 1                0       0.0213           0.103     339.    -0.0263 
 2 Quintile 2            25535       0.0589           0.132     431.    -0.0125 
 3 Quintile 3            50755       0.107            0.158     546.    -0.00956
 4 Quintile 4            86885       0.188            0.218     789.    -0.00814
 5 Quintile 5           160155       0.651            0.380    2015.    -0.00643
 6 Top 10%              247985       0.492            0.238    2905.    -0.00622
 7 Top 5%               359000       0.376            0.151    4397.    -0.00620
 8 Top 1%               909150       0.213            0.0557  13454.    -0.00680
 9 Top 0.1%            4252915       0.102            0.0120  79942.    -0.00855
10 Negative inc…   -1711570725      -0.0262           0.00968   770.     0.00227
11 Overall         -1711570725       1                1         824.    -0.00835


CARBON ONLY: flat total-consumption base vs intensity-weighted base

# A tibble: 11 × 5
   group           avg_flat pct_flat avg_wt pct_wt
   <chr>              <dbl>    <dbl>  <dbl>  <dbl>
 1 Quintile 1           276    -2.15    278  -2.16
 2 Quintile 2           355    -1.03    354  -1.03
 3 Quintile 3           425    -0.74    421  -0.74
 4 Quintile 4           585    -0.6     582  -0.6 
 5 Quintile 5          1021    -0.33   1028  -0.33
 6 Top 10%             1278    -0.27   1290  -0.28
 7 Top 5%              1622    -0.23   1643  -0.23
 8 Top 1%              2996    -0.15   3092  -0.16
 9 Top 0.1%            6473    -0.07   6815  -0.07
10 Negative income      516     0.15    518   0.15
11 Overall              532    -0.54    532  -0.54
