── Attaching core tidyverse packages ──────────────────────── tidyverse 2.0.0 ──
✔ dplyr     1.1.4     ✔ readr     2.1.5
✔ forcats   1.0.0     ✔ stringr   1.5.1
✔ ggplot2   3.5.1     ✔ tibble    3.2.1
✔ lubridate 1.9.3     ✔ tidyr     1.3.1
✔ purrr     1.0.2     
── Conflicts ────────────────────────────────────────── tidyverse_conflicts() ──
✖ dplyr::filter() masks stats::filter()
✖ dplyr::lag()    masks stats::lag()
ℹ Use the conflicted package (<http://conflicted.r-lib.org/>) to force all conflicts to become errors

Attaching package: ‘data.table’

The following objects are masked from ‘package:lubridate’:

    hour, isoweek, mday, minute, month, quarter, second, wday, week,
    yday, year

The following objects are masked from ‘package:dplyr’:

    between, first, last

The following object is masked from ‘package:purrr’:

    transpose


CEX carve ratios by quintile:
# A tibble: 5 × 5
  quintile   alcohol tobacco gambling    guns
  <chr>        <dbl>   <dbl>    <dbl>   <dbl>
1 Quintile 1  0.0565   0.455   0.0167 0.00873
2 Quintile 2  0.0548   0.327   0.0190 0.0256 
3 Quintile 3  0.0740   0.357   0.0312 0.0227 
4 Quintile 4  0.0925   0.248   0.0366 0.0214 
5 Quintile 5  0.114    0.158   0.0546 0.0362 

Wrote /nfs/roberts/project/pi_nrs36/jar335/Repositories/Tax-Simulator/other/analysis_scripts/public/clausing_excise_distribution_2030.csv 


all_excises:
# A tibble: 11 × 6
   group          income_cutoff share_income share_consumption   avg pct_chg_ati
   <chr>                  <dbl>        <dbl>             <dbl> <dbl>       <dbl>
 1 Quintile 1                 0       0.0214           0.102    335.   -0.0260  
 2 Quintile 2             25535       0.0589           0.132    431.   -0.0125  
 3 Quintile 3             50755       0.107            0.159    546.   -0.00955 
 4 Quintile 4             86890       0.188            0.219    781.   -0.00805 
 5 Quintile 5            160155       0.650            0.379   1415.   -0.00453 
 6 Top 10%               248005       0.491            0.236   1751.   -0.00377 
 7 Top 5%                359020       0.374            0.150   2204.   -0.00313 
 8 Top 1%                908675       0.212            0.0546  3914.   -0.00200 
 9 Top 0.1%             4163785       0.101            0.0114  8112.   -0.000885
10 Negative inco…   -1711570725      -0.0250           0.00933  593.    0.00182 
11 Overall          -1711570725       1                1        701.   -0.00711 

all_income_tax:
# A tibble: 11 × 6
   group        income_cutoff share_income share_consumption     avg pct_chg_ati
   <chr>                <dbl>        <dbl>             <dbl>   <dbl>       <dbl>
 1 Quintile 1               0       0.0214           0.102   7.63e-1  -0.0000593
 2 Quintile 2           25535       0.0589           0.132   1.95e+0  -0.0000567
 3 Quintile 3           50755       0.107            0.159   6.16e+0  -0.000108 
 4 Quintile 4           86890       0.188            0.219   1.45e+1  -0.000149 
 5 Quintile 5          160155       0.650            0.379   5.90e+2  -0.00189  
 6 Top 10%             248005       0.491            0.236   1.14e+3  -0.00244  
 7 Top 5%              359020       0.374            0.150   2.17e+3  -0.00309  
 8 Top 1%              908675       0.212            0.0546  9.37e+3  -0.00479  
 9 Top 0.1%           4163785       0.101            0.0114  7.06e+4  -0.00770  
10 Negative in…   -1711570725      -0.0250           0.00933 1.58e+2   0.000488 
11 Overall        -1711570725       1                1       1.23e+2  -0.00125  

all_measures:
# A tibble: 11 × 6
   group         income_cutoff share_income share_consumption    avg pct_chg_ati
   <chr>                 <dbl>        <dbl>             <dbl>  <dbl>       <dbl>
 1 Quintile 1                0       0.0214           0.102     335.    -0.0261 
 2 Quintile 2            25535       0.0589           0.132     433.    -0.0126 
 3 Quintile 3            50755       0.107            0.159     552.    -0.00965
 4 Quintile 4            86890       0.188            0.219     796.    -0.00820
 5 Quintile 5           160155       0.650            0.379    2006.    -0.00642
 6 Top 10%              248005       0.491            0.236    2886.    -0.00621
 7 Top 5%               359020       0.374            0.150    4378.    -0.00622
 8 Top 1%               908675       0.212            0.0546  13286.    -0.00679
 9 Top 0.1%            4163785       0.101            0.0114  78715.    -0.00859
10 Negative inc…   -1711570725      -0.0250           0.00933   751.     0.00231
11 Overall         -1711570725       1                1         824.    -0.00836


CARBON ONLY: flat total-consumption base vs intensity-weighted base

# A tibble: 11 × 5
   group           avg_flat pct_flat avg_wt pct_wt
   <chr>              <dbl>    <dbl>  <dbl>  <dbl>
 1 Quintile 1           274    -2.13    275  -2.14
 2 Quintile 2           356    -1.03    356  -1.03
 3 Quintile 3           427    -0.75    425  -0.74
 4 Quintile 4           588    -0.61    587  -0.6 
 5 Quintile 5          1018    -0.33   1021  -0.33
 6 Top 10%             1271    -0.27   1278  -0.27
 7 Top 5%              1617    -0.23   1631  -0.23
 8 Top 1%              2935    -0.15   3002  -0.15
 9 Top 0.1%            6156    -0.07   6409  -0.07
10 Negative income      498     0.15    500   0.15
11 Overall              532    -0.54    532  -0.54
