── Attaching core tidyverse packages ──────────────────────── tidyverse 2.0.0 ──
✔ dplyr     1.1.4     ✔ readr     2.1.5
✔ forcats   1.0.0     ✔ stringr   1.5.1
✔ ggplot2   3.5.1     ✔ tibble    3.2.1
✔ lubridate 1.9.3     ✔ tidyr     1.3.1
✔ purrr     1.0.2     
── Conflicts ────────────────────────────────────────── tidyverse_conflicts() ──
✖ dplyr::filter() masks stats::filter()
✖ dplyr::lag()    masks stats::lag()
ℹ Use the conflicted package (<http://conflicted.r-lib.org/>) to force all conflicts to become errors

Attaching package: ‘data.table’

The following objects are masked from ‘package:lubridate’:

    hour, isoweek, mday, minute, month, quarter, second, wday, week,
    yday, year

The following objects are masked from ‘package:dplyr’:

    between, first, last

The following object is masked from ‘package:purrr’:

    transpose


CEX carve ratios by quintile:
# A tibble: 5 × 5
  quintile   alcohol tobacco gambling    guns
  <chr>        <dbl>   <dbl>    <dbl>   <dbl>
1 Quintile 1  0.0565   0.455   0.0167 0.00873
2 Quintile 2  0.0548   0.327   0.0190 0.0256 
3 Quintile 3  0.0740   0.357   0.0312 0.0227 
4 Quintile 4  0.0925   0.248   0.0366 0.0214 
5 Quintile 5  0.114    0.158   0.0546 0.0362 

Wrote /nfs/roberts/project/pi_nrs36/jar335/Repositories/Tax-Simulator/other/analysis_scripts/public/clausing_excise_distribution_2030.csv 

# A tibble: 11 × 5
   group           income_cutoff n_tax_units   avg pct_chg_ati
   <chr>                   <dbl>       <dbl> <dbl>       <dbl>
 1 Quintile 1                  0   37788530.  337.   -0.0262  
 2 Quintile 2              25535   37789420.  430.   -0.0125  
 3 Quintile 3              50755   37788023.  545.   -0.00953 
 4 Quintile 4              86885   37792539.  778.   -0.00802 
 5 Quintile 5             160155   37790036. 1417.   -0.00452 
 6 Top 10%                247985   18898040. 1756.   -0.00376 
 7 Top 5%                 359000    9447579. 2197.   -0.00310 
 8 Top 1%                 909150    1889667. 3927.   -0.00198 
 9 Top 0.1%              4252915     188950. 8296.   -0.000887
10 Negative income   -1711570725    1904784.  613.    0.00181 
11 Overall           -1711570725  190853333.  701.   -0.00710 
