── Attaching core tidyverse packages ──────────────────────── tidyverse 2.0.0 ──
✔ dplyr     1.1.4     ✔ readr     2.1.5
✔ forcats   1.0.0     ✔ stringr   1.5.1
✔ ggplot2   3.5.1     ✔ tibble    3.2.1
✔ lubridate 1.9.3     ✔ tidyr     1.3.1
✔ purrr     1.0.2     
── Conflicts ────────────────────────────────────────── tidyverse_conflicts() ──
✖ dplyr::filter() masks stats::filter()
✖ dplyr::lag()    masks stats::lag()
ℹ Use the conflicted package (<http://conflicted.r-lib.org/>) to force all conflicts to become errors

Attaching package: ‘data.table’

The following objects are masked from ‘package:lubridate’:

    hour, isoweek, mday, minute, month, quarter, second, wday, week,
    yday, year

The following objects are masked from ‘package:dplyr’:

    between, first, last

The following object is masked from ‘package:purrr’:

    transpose


CEX carve ratios by quintile:
# A tibble: 5 × 5
  quintile   alcohol tobacco gambling    guns
  <chr>        <dbl>   <dbl>    <dbl>   <dbl>
1 Quintile 1  0.0565   0.455   0.0167 0.00873
2 Quintile 2  0.0548   0.327   0.0190 0.0256 
3 Quintile 3  0.0740   0.357   0.0312 0.0227 
4 Quintile 4  0.0925   0.248   0.0366 0.0214 
5 Quintile 5  0.114    0.158   0.0546 0.0362 
Year 2030 ...
Year 2031 ...
Year 2032 ...
Year 2033 ...
Year 2034 ...
Year 2035 ...
Year 2036 ...
Year 2037 ...
Year 2038 ...
Year 2039 ...

Wrote /nfs/roberts/project/pi_nrs36/jar335/Repositories/Tax-Simulator/other/analysis_scripts/public/clausing_excise_distribution_by_year.csv 
Wrote /nfs/roberts/project/pi_nrs36/jar335/Repositories/Tax-Simulator/other/analysis_scripts/public/clausing_excise_distribution_avg_2030_2039.csv 


all_excises (10-yr avg, 2026$):
# A tibble: 11 × 3
   group             avg pct_chg_ati
   <chr>           <dbl>       <dbl>
 1 Quintile 1       338.   -0.0267  
 2 Quintile 2       436.   -0.0129  
 3 Quintile 3       553.   -0.00990 
 4 Quintile 4       789.   -0.00834 
 5 Quintile 5      1427.   -0.00472 
 6 Top 10%         1763.   -0.00393 
 7 Top 5%          2222.   -0.00327 
 8 Top 1%          3937.   -0.00209 
 9 Top 0.1%        8182.   -0.000925
10 Negative income  592.    0.00191 
11 Overall          708.   -0.00740 

all_income_tax (10-yr avg, 2026$):
# A tibble: 11 × 3
   group                 avg pct_chg_ati
   <chr>               <dbl>       <dbl>
 1 Quintile 1          0.715  -0.0000565
 2 Quintile 2          1.92   -0.0000568
 3 Quintile 3          5.73   -0.000103 
 4 Quintile 4         14.2    -0.000149 
 5 Quintile 5        618.     -0.00204  
 6 Top 10%          1192.     -0.00265  
 7 Top 5%           2290.     -0.00336  
 8 Top 1%           9986.     -0.00528  
 9 Top 0.1%        75674.     -0.00854  
10 Negative income   153.      0.000491 
11 Overall           128.     -0.00134  

all_measures (10-yr avg, 2026$):
# A tibble: 11 × 3
   group              avg pct_chg_ati
   <chr>            <dbl>       <dbl>
 1 Quintile 1        339.    -0.0268 
 2 Quintile 2        438.    -0.0130 
 3 Quintile 3        559.    -0.0100 
 4 Quintile 4        803.    -0.00849
 5 Quintile 5       2045.    -0.00677
 6 Top 10%          2955.    -0.00657
 7 Top 5%           4512.    -0.00663
 8 Top 1%          13924.    -0.00737
 9 Top 0.1%        83856.    -0.00946
10 Negative income   745.     0.00240
11 Overall           836.    -0.00874
