── Attaching core tidyverse packages ──────────────────────── tidyverse 2.0.0 ──
✔ dplyr     1.1.4     ✔ readr     2.1.5
✔ forcats   1.0.0     ✔ stringr   1.5.1
✔ ggplot2   3.5.1     ✔ tibble    3.2.1
✔ lubridate 1.9.3     ✔ tidyr     1.3.1
✔ purrr     1.0.2     
── Conflicts ────────────────────────────────────────── tidyverse_conflicts() ──
✖ dplyr::filter() masks stats::filter()
✖ dplyr::lag()    masks stats::lag()
ℹ Use the conflicted package (<http://conflicted.r-lib.org/>) to force all conflicts to become errors

Attaching package: ‘data.table’

The following objects are masked from ‘package:lubridate’:

    hour, isoweek, mday, minute, month, quarter, second, wday, week,
    yday, year

The following objects are masked from ‘package:dplyr’:

    between, first, last

The following object is masked from ‘package:purrr’:

    transpose


CEX carve ratios by quintile:
# A tibble: 5 × 5
  quintile   alcohol tobacco gambling    guns
  <chr>        <dbl>   <dbl>    <dbl>   <dbl>
1 Quintile 1  0.0565   0.455   0.0167 0.00873
2 Quintile 2  0.0548   0.327   0.0190 0.0256 
3 Quintile 3  0.0740   0.357   0.0312 0.0227 
4 Quintile 4  0.0925   0.248   0.0366 0.0214 
5 Quintile 5  0.114    0.158   0.0546 0.0362 

Wrote /nfs/roberts/project/pi_nrs36/jar335/Repositories/Tax-Simulator/other/analysis_scripts/public/clausing_excise_distribution_2030.csv 

# A tibble: 11 × 6
   group          income_cutoff share_income share_consumption   avg pct_chg_ati
   <chr>                  <dbl>        <dbl>             <dbl> <dbl>       <dbl>
 1 Quintile 1                 0       0.0213           0.103    357.   -0.0278  
 2 Quintile 2             25535       0.0589           0.132    453.   -0.0132  
 3 Quintile 3             50755       0.107            0.158    562.   -0.00982 
 4 Quintile 4             86885       0.188            0.218    785.   -0.00809 
 5 Quintile 5            160155       0.651            0.380   1350.   -0.00431 
 6 Top 10%               247985       0.492            0.238   1642.   -0.00352 
 7 Top 5%                359000       0.376            0.151   2010.   -0.00283 
 8 Top 1%                909150       0.213            0.0557  3435.   -0.00174 
 9 Top 0.1%             4252915       0.102            0.0120  6974.   -0.000746
10 Negative inco…   -1711570725      -0.0262           0.00968  615.    0.00181 
11 Overall          -1711570725       1                1        701.   -0.00710 


CARBON ONLY: flat total-consumption base vs intensity-weighted base

# A tibble: 11 × 5
   group           avg_flat pct_flat avg_wt pct_wt
   <chr>              <dbl>    <dbl>  <dbl>  <dbl>
 1 Quintile 1           276    -2.15    297  -2.31
 2 Quintile 2           355    -1.03    378  -1.1 
 3 Quintile 3           425    -0.74    442  -0.77
 4 Quintile 4           585    -0.6     592  -0.61
 5 Quintile 5          1021    -0.33    954  -0.3 
 6 Top 10%             1278    -0.27   1164  -0.25
 7 Top 5%              1622    -0.23   1435  -0.2 
 8 Top 1%              2996    -0.15   2505  -0.13
 9 Top 0.1%            6473    -0.07   5151  -0.06
10 Negative income      516     0.15    518   0.15
11 Overall              532    -0.54    532  -0.54
